File "test.py", line 20, in Example.prop
    Error: Property cannot be memoized: Argument `a` (of type `Token.array`) is not hashable
Done
